// Jest Snapshot v1, https://goo.gl/fbAQLP

exports[`<ImagePickScreen /> renders correctly 1`] = `
<View
  style={
    Object {
      "alignItems": "center",
      "backgroundColor": "white",
      "flex": 1,
      "justifyContent": "center",
    }
  }
>
  <Text>
    선택된 이미지
  </Text>
  <View
    accessible={true}
    focusable={true}
    isTVSelectable={true}
    onClick={[Function]}
    onResponderGrant={[Function]}
    onResponderMove={[Function]}
    onResponderRelease={[Function]}
    onResponderTerminate={[Function]}
    onResponderTerminationRequest={[Function]}
    onStartShouldSetResponder={[Function]}
    style={
      Object {
        "alignItems": "center",
        "backgroundColor": "#40FF00",
        "borderRadius": 10,
        "height": 40,
        "justifyContent": "center",
        "marginTop": 10,
        "opacity": 1,
        "width": 450,
      }
    }
  >
    <Text>
      이 사진으로 얼굴 등록하기
    </Text>
  </View>
</View>
`;
